cscuser@DESKTOP-44T715M MINGW64 ~/Desktop/2019CSC005/test2023
$ ggit init
bash: $'\302\226git': command not found

cscuser@DESKTOP-44T715M MINGW64 ~/Desktop/2019CSC005/test2023
$ git init
bash: $'\302\226git': command not found

cscuser@DESKTOP-44T715M MINGW64 ~/Desktop/2019CSC005/test2023
$ git init
Initialized empty Git repository in C:/Users/cscuser/Desktop/2019CSC005/test2023/.git/

cscuser@DESKTOP-44T715M MINGW64 ~/Desktop/2019CSC005/test2023 (master)
$ echo "# test2023" >> README.md

cscuser@DESKTOP-44T715M MINGW64 ~/Desktop/2019CSC005/test2023 (master)
$ git add README.md
warning: in the working copy of 'README.md', LF will be replaced by CRLF the next time Git touches it

cscuser@DESKTOP-44T715M MINGW64 ~/Desktop/2019CSC005/test2023 (master)
$ ^C

cscuser@DESKTOP-44T715M MINGW64 ~/Desktop/2019CSC005/test2023 (master)
$ echo "# test2023" >> README.md

cscuser@DESKTOP-44T715M MINGW64 ~/Desktop/2019CSC005/test2023 (master)
$ git commit -m "first commit"
Author identity unknown

*** Please tell me who you are.

Run

  git config --global user.email "you@example.com"
  git config --global user.name "Your Name"

to set your account's default identity.
Omit --global to set the identity only in this repository.

fatal: unable to auto-detect email address (got 'cscuser@DESKTOP-44T715M.(none)')

cscuser@DESKTOP-44T715M MINGW64 ~/Desktop/2019CSC005/test2023 (master)
$ ^C

cscuser@DESKTOP-44T715M MINGW64 ~/Desktop/2019CSC005/test2023 (master)
$ git config --global user.email "mh.hathik22@gmail.com"

cscuser@DESKTOP-44T715M MINGW64 ~/Desktop/2019CSC005/test2023 (master)
$ git config --global user.name "hathik"

cscuser@DESKTOP-44T715M MINGW64 ~/Desktop/2019CSC005/test2023 (master)
$ $ git commit -m "first commit"
bash: $: command not found

cscuser@DESKTOP-44T715M MINGW64 ~/Desktop/2019CSC005/test2023 (master)
$ git commit -m "first commit"
[master (root-commit) 9e139b5] first commit
 1 file changed, 1 insertion(+)
 create mode 100644 README.md

cscuser@DESKTOP-44T715M MINGW64 ~/Desktop/2019CSC005/test2023 (master)
$ git push
fatal: No configured push destination.
Either specify the URL from the command-line or configure a remote repository using

    git remote add <name> <url>

and then push using the remote name

    git push <name>


cscuser@DESKTOP-44T715M MINGW64 ~/Desktop/2019CSC005/test2023 (master)
$ git push --set-upstraem origin main
error: unknown option `set-upstraem'
usage: git push [<options>] [<repository> [<refspec>...]]

    -v, --verbose         be more verbose
    -q, --quiet           be more quiet
    --repo <repository>   repository
    --all                 push all refs
    --mirror              mirror all refs
    -d, --delete          delete refs
    --tags                push tags (can't be used with --all or --mirror)
    -n, --dry-run         dry run
    --porcelain           machine-readable output
    -f, --force           force updates
    --force-with-lease[=<refname>:<expect>]
                          require old value of ref to be at this value
    --force-if-includes   require remote updates to be integrated locally
    --recurse-submodules (check|on-demand|no)
                          control recursive pushing of submodules
    --thin                use thin pack
    --receive-pack <receive-pack>
                          receive pack program
    --exec <receive-pack>
                          receive pack program
    -u, --set-upstream    set upstream for git pull/status
    --progress            force progress reporting
    --prune               prune locally removed refs
    --no-verify           bypass pre-push hook
    --follow-tags         push missing but relevant tags
    --signed[=(yes|no|if-asked)]
                          GPG sign the push
    --atomic              request atomic transaction on remote side
    -o, --push-option <server-specific>
                          option to transmit
    -4, --ipv4            use IPv4 addresses only
    -6, --ipv6            use IPv6 addresses only


cscuser@DESKTOP-44T715M MINGW64 ~/Desktop/2019CSC005/test2023 (master)
$ git branch -M main

cscuser@DESKTOP-44T715M MINGW64 ~/Desktop/2019CSC005/test2023 (main)
$ git push --set-upstraem origin main
error: unknown option `set-upstraem'
usage: git push [<options>] [<repository> [<refspec>...]]

    -v, --verbose         be more verbose
    -q, --quiet           be more quiet
    --repo <repository>   repository
    --all                 push all refs
    --mirror              mirror all refs
    -d, --delete          delete refs
    --tags                push tags (can't be used with --all or --mirror)
    -n, --dry-run         dry run
    --porcelain           machine-readable output
    -f, --force           force updates
    --force-with-lease[=<refname>:<expect>]
                          require old value of ref to be at this value
    --force-if-includes   require remote updates to be integrated locally
    --recurse-submodules (check|on-demand|no)
                          control recursive pushing of submodules
    --thin                use thin pack
    --receive-pack <receive-pack>
                          receive pack program
    --exec <receive-pack>
                          receive pack program
    -u, --set-upstream    set upstream for git pull/status
    --progress            force progress reporting
    --prune               prune locally removed refs
    --no-verify           bypass pre-push hook
    --follow-tags         push missing but relevant tags
    --signed[=(yes|no|if-asked)]
                          GPG sign the push
    --atomic              request atomic transaction on remote side
    -o, --push-option <server-specific>
                          option to transmit
    -4, --ipv4            use IPv4 addresses only
    -6, --ipv6            use IPv6 addresses only


cscuser@DESKTOP-44T715M MINGW64 ~/Desktop/2019CSC005/test2023 (main)
$ git push
fatal: No configured push destination.
Either specify the URL from the command-line or configure a remote repository using

    git remote add <name> <url>

and then push using the remote name

    git push <name>


cscuser@DESKTOP-44T715M MINGW64 ~/Desktop/2019CSC005/test2023 (main)
$ git commit -m "first commit"
On branch main
Changes not staged for commit:
  (use "git add <file>..." to update what will be committed)
  (use "git restore <file>..." to discard changes in working directory)
        modified:   README.md

no changes added to commit (use "git add" and/or "git commit -a")

cscuser@DESKTOP-44T715M MINGW64 ~/Desktop/2019CSC005/test2023 (main)
$ git push
fatal: No configured push destination.
Either specify the URL from the command-line or configure a remote repository using

    git remote add <name> <url>

and then push using the remote name

    git push <name>


cscuser@DESKTOP-44T715M MINGW64 ~/Desktop/2019CSC005/test2023 (main)
$ git remote add origin https://github.com/Hathik/test2023.git

cscuser@DESKTOP-44T715M MINGW64 ~/Desktop/2019CSC005/test2023 (main)
$ git add .
warning: in the working copy of 'README.md', LF will be replaced by CRLF the next time Git touches it

cscuser@DESKTOP-44T715M MINGW64 ~/Desktop/2019CSC005/test2023 (main)
$ git commit -m "first commit"
[main ed0ccc2] first commit
 1 file changed, 1 insertion(+)

cscuser@DESKTOP-44T715M MINGW64 ~/Desktop/2019CSC005/test2023 (main)
$ git push
fatal: The current branch main has no upstream branch.
To push the current branch and set the remote as upstream, use

    git push --set-upstream origin main

To have this happen automatically for branches without a tracking
upstream, see 'push.autoSetupRemote' in 'git help config'.


cscuser@DESKTOP-44T715M MINGW64 ~/Desktop/2019CSC005/test2023 (main)
$ git push --set-upstream origin main



cscuser@DESKTOP-44T715M MINGW64 ~/Desktop/2019CSC005/test2023 (main)
$ git push --set-upstream origin main
Enumerating objects: 6, done.
Counting objects: 100% (6/6), done.
Delta compression using up to 16 threads
Compressing objects: 100% (2/2), done.
Writing objects: 100% (6/6), 434 bytes | 434.00 KiB/s, done.
Total 6 (delta 0), reused 0 (delta 0), pack-reused 0
To https://github.com/Hathik/test2023.git
 * [new branch]      main -> main
branch 'main' set up to track 'origin/main'.

cscuser@DESKTOP-44T715M MINGW64 ~/Desktop/2019CSC005/test2023 (main)
$ git add .
warning: in the working copy of 'README.md', LF will be replaced by CRLF the next time Git touches it

cscuser@DESKTOP-44T715M MINGW64 ~/Desktop/2019CSC005/test2023 (main)
$ git commit -m "java file"
[main 8ce6f70] java file
 1 file changed, 8 insertions(+)
 create mode 100644 sum.java

cscuser@DESKTOP-44T715M MINGW64 ~/Desktop/2019CSC005/test2023 (main)
$ git push
Enumerating objects: 4, done.
Counting objects: 100% (4/4), done.
Delta compression using up to 16 threads
Compressing objects: 100% (3/3), done.
Writing objects: 100% (3/3), 380 bytes | 380.00 KiB/s, done.
Total 3 (delta 0), reused 0 (delta 0), pack-reused 0
To https://github.com/Hathik/test2023.git
   ed0ccc2..8ce6f70  main -> main

cscuser@DESKTOP-44T715M MINGW64 ~/Desktop/2019CSC005/test2023 (main)
$ git pull
remote: Enumerating objects: 5, done.
remote: Counting objects: 100% (5/5), done.
remote: Compressing objects: 100% (3/3), done.
remote: Total 3 (delta 1), reused 0 (delta 0), pack-reused 0
Unpacking objects: 100% (3/3), 718 bytes | 6.00 KiB/s, done.
From https://github.com/Hathik/test2023
   8ce6f70..d66ae46  main       -> origin/main
Updating 8ce6f70..d66ae46
Fast-forward
 sum.java | 4 +++-
 1 file changed, 3 insertions(+), 1 deletion(-)

cscuser@DESKTOP-44T715M MINGW64 ~/Desktop/2019CSC005/test2023 (main)
$ git log
commit d66ae4658a6ed8484a207c9b736c60d334e17352 (HEAD -> main, origin/main)
Author: M.H.Haathik Ahamed <107987176+Hathik@users.noreply.github.com>
Date:   Tue Jan 3 14:05:10 2023 +0530

    Update sum.java

commit 8ce6f70d8cfb311fcd9b396c85b180a3726f9d81
Author: hathik <mh.hathik22@gmail.com>
Date:   Tue Jan 3 22:19:29 2023 +0530

    java file

commit ed0ccc2fbf2e7c9da83077c0a15e9460d5b52296
Author: hathik <mh.hathik22@gmail.com>
Date:   Tue Jan 3 22:10:42 2023 +0530

    first commit

commit 9e139b5a233ccdfef007109f65b44b22d1b210b0
Author: hathik <mh.hathik22@gmail.com>
Date:   Tue Jan 3 22:02:08 2023 +0530

    first commit

cscuser@DESKTOP-44T715M MINGW64 ~/Desktop/2019CSC005/test2023 (main)
$ git pull
remote: Enumerating objects: 5, done.
remote: Counting objects: 100% (5/5), done.
remote: Compressing objects: 100% (3/3), done.
remote: Total 3 (delta 1), reused 0 (delta 0), pack-reused 0
Unpacking objects: 100% (3/3), 703 bytes | 6.00 KiB/s, done.
From https://github.com/Hathik/test2023
   d66ae46..25206fa  main       -> origin/main
error: Your local changes to the following files would be overwritten by merge:
        sum.java
Please commit your changes or stash them before you merge.
Aborting
Updating d66ae46..25206fa

cscuser@DESKTOP-44T715M MINGW64 ~/Desktop/2019CSC005/test2023 (main)
$ git status
On branch main
Your branch is behind 'origin/main' by 1 commit, and can be fast-forwarded.
  (use "git pull" to update your local branch)

Changes not staged for commit:
  (use "git add <file>..." to update what will be committed)
  (use "git restore <file>..." to discard changes in working directory)
        modified:   sum.java

no changes added to commit (use "git add" and/or "git commit -a")

cscuser@DESKTOP-44T715M MINGW64 ~/Desktop/2019CSC005/test2023 (main)
$ git add .

cscuser@DESKTOP-44T715M MINGW64 ~/Desktop/2019CSC005/test2023 (main)
$ git commit -m "c has added"
[main f9a18f2] c has added
 1 file changed, 1 insertion(+)

cscuser@DESKTOP-44T715M MINGW64 ~/Desktop/2019CSC005/test2023 (main)
$ git push
To https://github.com/Hathik/test2023.git
 ! [rejected]        main -> main (non-fast-forward)
error: failed to push some refs to 'https://github.com/Hathik/test2023.git'
hint: Updates were rejected because the tip of your current branch is behind
hint: its remote counterpart. Integrate the remote changes (e.g.
hint: 'git pull ...') before pushing again.
hint: See the 'Note about fast-forwards' in 'git push --help' for details.

cscuser@DESKTOP-44T715M MINGW64 ~/Desktop/2019CSC005/test2023 (main)
$ git pull
Auto-merging sum.java
CONFLICT (content): Merge conflict in sum.java
Automatic merge failed; fix conflicts and then commit the result.

cscuser@DESKTOP-44T715M MINGW64 ~/Desktop/2019CSC005/test2023 (main|MERGING)
$ git add .

cscuser@DESKTOP-44T715M MINGW64 ~/Desktop/2019CSC005/test2023 (main|MERGING)
$ git commit -m "c has added"
[main 70f69cb] c has added

cscuser@DESKTOP-44T715M MINGW64 ~/Desktop/2019CSC005/test2023 (main)
$ git push
Enumerating objects: 10, done.
Counting objects: 100% (10/10), done.
Delta compression using up to 16 threads
Compressing objects: 100% (6/6), done.
Writing objects: 100% (6/6), 676 bytes | 676.00 KiB/s, done.
Total 6 (delta 2), reused 0 (delta 0), pack-reused 0
remote: Resolving deltas: 100% (2/2), completed with 1 local object.
To https://github.com/Hathik/test2023.git
   25206fa..70f69cb  main -> main

cscuser@DESKTOP-44T715M MINGW64 ~/Desktop/2019CSC005/test2023 (main)
$ git add .

cscuser@DESKTOP-44T715M MINGW64 ~/Desktop/2019CSC005/test2023 (main)
$ git commit -m "d has added"
[main ee7c5ba] d has added
 1 file changed, 1 insertion(+), 4 deletions(-)

cscuser@DESKTOP-44T715M MINGW64 ~/Desktop/2019CSC005/test2023 (main)
$ git push
Enumerating objects: 5, done.
Counting objects: 100% (5/5), done.
Delta compression using up to 16 threads
Compressing objects: 100% (3/3), done.
Writing objects: 100% (3/3), 323 bytes | 323.00 KiB/s, done.
Total 3 (delta 1), reused 0 (delta 0), pack-reused 0
remote: Resolving deltas: 100% (1/1), completed with 1 local object.
To https://github.com/Hathik/test2023.git
   70f69cb..ee7c5ba  main -> main

cscuser@DESKTOP-44T715M MINGW64 ~/Desktop/2019CSC005/test2023 (main)
$ git status
On branch main
Your branch is up to date with 'origin/main'.

Untracked files:
  (use "git add <file>..." to include in what will be committed)
        sub,java
        sub.java

nothing added to commit but untracked files present (use "git add" to track)

cscuser@DESKTOP-44T715M MINGW64 ~/Desktop/2019CSC005/test2023 (main)
$

cscuser@DESKTOP-44T715M MINGW64 ~/Desktop/2019CSC005/test2023 (main)
$ git status
On branch main
Your branch is up to date with 'origin/main'.

Untracked files:
  (use "git add <file>..." to include in what will be committed)
        sub.java

nothing added to commit but untracked files present (use "git add" to track)

cscuser@DESKTOP-44T715M MINGW64 ~/Desktop/2019CSC005/test2023 (main)
$ git add sub.java

cscuser@DESKTOP-44T715M MINGW64 ~/Desktop/2019CSC005/test2023 (main)
$ git stash -m "important change"
Saved working directory and index state On main: important change

cscuser@DESKTOP-44T715M MINGW64 ~/Desktop/2019CSC005/test2023 (main)
$ git stash list
stash@{0}: On main: important change

cscuser@DESKTOP-44T715M MINGW64 ~/Desktop/2019CSC005/test2023 (main)
$ git pull
remote: Enumerating objects: 5, done.
remote: Counting objects: 100% (5/5), done.
remote: Compressing objects: 100% (3/3), done.
remote: Total 3 (delta 1), reused 0 (delta 0), pack-reused 0
Unpacking objects: 100% (3/3), 703 bytes | 6.00 KiB/s, done.
From https://github.com/Hathik/test2023
   ee7c5ba..e89696a  main       -> origin/main
Updating ee7c5ba..e89696a
Fast-forward
 sum.java | 1 +
 1 file changed, 1 insertion(+)

cscuser@DESKTOP-44T715M MINGW64 ~/Desktop/2019CSC005/test2023 (main)
$
